#-----------------------------------------------------------
# Vivado v2017.1 (64-bit)
# SW Build 1846317 on Fri Apr 14 18:55:03 MDT 2017
# IP Build 1846188 on Fri Apr 14 20:52:08 MDT 2017
# Start of session at: Sat Jun 10 16:38:01 2017
# Process ID: 11172
# Current directory: E:/COD/lab1
# Command line: vivado.exe -gui_launcher_event rodinguilauncherevent11408 E:\COD\lab1\lab1.xpr
# Log file: E:/COD/lab1/vivado.log
# Journal file: E:/COD/lab1\vivado.jou
#-----------------------------------------------------------
start_gui
open_project E:/COD/lab1/lab1.xpr
report_ip_status -name ip_status 
update_compile_order -fileset sources_1
upgrade_ip -vlnv xilinx.com:ip:processing_system7:5.5 [get_ips  lab1_processing_system7_0_0] -log ip_upgrade.log
export_ip_user_files -of_objects [get_ips lab1_processing_system7_0_0] -no_script -sync -force -quiet
create_peripheral xilinx.com user salve 1.0 -dir E:/COD/lab1/ip_repo
add_peripheral_interface S00_AXI -interface_mode slave -axi_type lite [ipx::find_open_core xilinx.com:user:salve:1.0]
generate_peripheral -driver -bfm_example_design -debug_hw_example_design [ipx::find_open_core xilinx.com:user:salve:1.0]
write_peripheral [ipx::find_open_core xilinx.com:user:salve:1.0]
set_property  ip_repo_paths  E:/COD/lab1/ip_repo/salve_1.0 [current_project]
update_ip_catalog -rebuild
startgroup
create_bd_cell -type ip -vlnv xilinx.com:user:salve:1.0 salve_0
endgroup
apply_bd_automation -rule xilinx.com:bd_rule:axi4 -config {Master "/processing_system7_0/M_AXI_GP0" intc_ip "New AXI Interconnect" Clk_xbar "Auto" Clk_master "Auto" Clk_slave "Auto" }  [get_bd_intf_pins salve_0/S00_AXI]
save_bd_design
reset_run synth_1
launch_runs impl_1 -to_step write_bitstream -jobs 2
wait_on_run impl_1
launch_sdk -workspace E:/COD/lab1/lab1.sdk -hwspec E:/COD/lab1/lab1.sdk/lab1_wrapper.hdf
file copy -force E:/COD/lab1/lab1.runs/impl_1/lab1_wrapper.sysdef E:/COD/lab1/lab1.sdk/lab1_wrapper.hdf

launch_sdk -workspace E:/COD/lab1/lab1.sdk -hwspec E:/COD/lab1/lab1.sdk/lab1_wrapper.hdf
launch_sdk -workspace E:/COD/lab1/lab1.sdk -hwspec E:/COD/lab1/lab1.sdk/lab1_wrapper.hdf
